
Login details:
App slug: app-slug
Build slug: build-slug
Timestamp: 1542292740
Should retry: true
No. of test: 1.

Response status: 200
Response body: <html><body><p>Hello Bitrise!</p></body></html>

Login success.

Login details:
App slug: app-slug
Build slug: build-slug
Timestamp: 1542292740
Should retry: true
No. of test: 2.

Response status: 200
Response body: <html><body><p>Hello Bitrise!</p></body></html>

Login success.

Login details:
App slug: app-slug
Build slug: build-slug
Timestamp: 1542292740
Should retry: true
No. of test: 3.

Response status: 200
Response body: <html><body><p>Hello Bitrise!</p></body></html>

Login success.
